Analysis & Synthesis report for adder2
Mon Nov 15 21:36:09 2021
Quartus Prime Version 18.0.0 Build 614 04/24/2018 SJ Lite Edition


---------------------
; Table of Contents ;
---------------------
  1. Legal Notice
  2. Analysis & Synthesis Summary
  3. Analysis & Synthesis Settings
  4. Parallel Compilation
  5. Analysis & Synthesis IP Cores Summary
  6. Analysis & Synthesis Messages
  7. Analysis & Synthesis Suppressed Messages



----------------
; Legal Notice ;
----------------
Copyright (C) 2018  Intel Corporation. All rights reserved.
Your use of Intel Corporation's design tools, logic functions 
and other software and tools, and its AMPP partner logic 
functions, and any output files from any of the foregoing 
(including device programming or simulation files), and any 
associated documentation or information are expressly subject 
to the terms and conditions of the Intel Program License 
Subscription Agreement, the Intel Quartus Prime License Agreement,
the Intel FPGA IP License Agreement, or other applicable license
agreement, including, without limitation, that your use is for
the sole purpose of programming logic devices manufactured by
Intel and sold by Intel or its authorized distributors.  Please
refer to the applicable agreement for further details.



+----------------------------------------------------------------------------------+
; Analysis & Synthesis Summary                                                     ;
+------------------------------------+---------------------------------------------+
; Analysis & Synthesis Status        ; Failed - Mon Nov 15 21:36:09 2021           ;
; Quartus Prime Version              ; 18.0.0 Build 614 04/24/2018 SJ Lite Edition ;
; Revision Name                      ; adder2                                      ;
; Top-level Entity Name              ; lab7                                        ;
; Family                             ; MAX 10                                      ;
; Total logic elements               ; N/A until Partition Merge                   ;
;     Total combinational functions  ; N/A until Partition Merge                   ;
;     Dedicated logic registers      ; N/A until Partition Merge                   ;
; Total registers                    ; N/A until Partition Merge                   ;
; Total pins                         ; N/A until Partition Merge                   ;
; Total virtual pins                 ; N/A until Partition Merge                   ;
; Total memory bits                  ; N/A until Partition Merge                   ;
; Embedded Multiplier 9-bit elements ; N/A until Partition Merge                   ;
; Total PLLs                         ; N/A until Partition Merge                   ;
; UFM blocks                         ; N/A until Partition Merge                   ;
; ADC blocks                         ; N/A until Partition Merge                   ;
+------------------------------------+---------------------------------------------+


+------------------------------------------------------------------------------------------------------------+
; Analysis & Synthesis Settings                                                                              ;
+------------------------------------------------------------------+--------------------+--------------------+
; Option                                                           ; Setting            ; Default Value      ;
+------------------------------------------------------------------+--------------------+--------------------+
; Device                                                           ; 10M50DAF484C7G     ;                    ;
; Top-level entity name                                            ; lab7               ; adder2             ;
; Family name                                                      ; MAX 10             ; Cyclone V          ;
; Use smart compilation                                            ; Off                ; Off                ;
; Enable parallel Assembler and Timing Analyzer during compilation ; On                 ; On                 ;
; Enable compact report table                                      ; Off                ; Off                ;
; Restructure Multiplexers                                         ; Auto               ; Auto               ;
; Create Debugging Nodes for IP Cores                              ; Off                ; Off                ;
; Preserve fewer node names                                        ; On                 ; On                 ;
; Intel FPGA IP Evaluation Mode                                    ; Enable             ; Enable             ;
; Verilog Version                                                  ; Verilog_2001       ; Verilog_2001       ;
; VHDL Version                                                     ; VHDL_1993          ; VHDL_1993          ;
; State Machine Processing                                         ; Auto               ; Auto               ;
; Safe State Machine                                               ; Off                ; Off                ;
; Extract Verilog State Machines                                   ; On                 ; On                 ;
; Extract VHDL State Machines                                      ; On                 ; On                 ;
; Ignore Verilog initial constructs                                ; Off                ; Off                ;
; Iteration limit for constant Verilog loops                       ; 5000               ; 5000               ;
; Iteration limit for non-constant Verilog loops                   ; 250                ; 250                ;
; Add Pass-Through Logic to Inferred RAMs                          ; On                 ; On                 ;
; Infer RAMs from Raw Logic                                        ; On                 ; On                 ;
; Parallel Synthesis                                               ; On                 ; On                 ;
; DSP Block Balancing                                              ; Auto               ; Auto               ;
; NOT Gate Push-Back                                               ; On                 ; On                 ;
; Power-Up Don't Care                                              ; On                 ; On                 ;
; Remove Redundant Logic Cells                                     ; Off                ; Off                ;
; Remove Duplicate Registers                                       ; On                 ; On                 ;
; Ignore CARRY Buffers                                             ; Off                ; Off                ;
; Ignore CASCADE Buffers                                           ; Off                ; Off                ;
; Ignore GLOBAL Buffers                                            ; Off                ; Off                ;
; Ignore ROW GLOBAL Buffers                                        ; Off                ; Off                ;
; Ignore LCELL Buffers                                             ; Off                ; Off                ;
; Ignore SOFT Buffers                                              ; On                 ; On                 ;
; Limit AHDL Integers to 32 Bits                                   ; Off                ; Off                ;
; Optimization Technique                                           ; Balanced           ; Balanced           ;
; Carry Chain Length                                               ; 70                 ; 70                 ;
; Auto Carry Chains                                                ; On                 ; On                 ;
; Auto Open-Drain Pins                                             ; On                 ; On                 ;
; Perform WYSIWYG Primitive Resynthesis                            ; Off                ; Off                ;
; Auto ROM Replacement                                             ; On                 ; On                 ;
; Auto RAM Replacement                                             ; On                 ; On                 ;
; Auto DSP Block Replacement                                       ; On                 ; On                 ;
; Auto Shift Register Replacement                                  ; Auto               ; Auto               ;
; Allow Shift Register Merging across Hierarchies                  ; Auto               ; Auto               ;
; Auto Clock Enable Replacement                                    ; On                 ; On                 ;
; Strict RAM Replacement                                           ; Off                ; Off                ;
; Allow Synchronous Control Signals                                ; On                 ; On                 ;
; Force Use of Synchronous Clear Signals                           ; Off                ; Off                ;
; Auto RAM Block Balancing                                         ; On                 ; On                 ;
; Auto RAM to Logic Cell Conversion                                ; Off                ; Off                ;
; Auto Resource Sharing                                            ; Off                ; Off                ;
; Allow Any RAM Size For Recognition                               ; Off                ; Off                ;
; Allow Any ROM Size For Recognition                               ; Off                ; Off                ;
; Allow Any Shift Register Size For Recognition                    ; Off                ; Off                ;
; Use LogicLock Constraints during Resource Balancing              ; On                 ; On                 ;
; Ignore translate_off and synthesis_off directives                ; Off                ; Off                ;
; Timing-Driven Synthesis                                          ; On                 ; On                 ;
; Report Parameter Settings                                        ; On                 ; On                 ;
; Report Source Assignments                                        ; On                 ; On                 ;
; Report Connectivity Checks                                       ; On                 ; On                 ;
; Ignore Maximum Fan-Out Assignments                               ; Off                ; Off                ;
; Synchronization Register Chain Length                            ; 2                  ; 2                  ;
; Power Optimization During Synthesis                              ; Normal compilation ; Normal compilation ;
; HDL message level                                                ; Level2             ; Level2             ;
; Suppress Register Optimization Related Messages                  ; Off                ; Off                ;
; Number of Removed Registers Reported in Synthesis Report         ; 5000               ; 5000               ;
; Number of Swept Nodes Reported in Synthesis Report               ; 5000               ; 5000               ;
; Number of Inverted Registers Reported in Synthesis Report        ; 100                ; 100                ;
; Clock MUX Protection                                             ; On                 ; On                 ;
; Auto Gated Clock Conversion                                      ; Off                ; Off                ;
; Block Design Naming                                              ; Auto               ; Auto               ;
; SDC constraint protection                                        ; Off                ; Off                ;
; Synthesis Effort                                                 ; Auto               ; Auto               ;
; Shift Register Replacement - Allow Asynchronous Clear Signal     ; On                 ; On                 ;
; Pre-Mapping Resynthesis Optimization                             ; Off                ; Off                ;
; Analysis & Synthesis Message Level                               ; Medium             ; Medium             ;
; Disable Register Merging Across Hierarchies                      ; Auto               ; Auto               ;
; Resource Aware Inference For Block RAM                           ; On                 ; On                 ;
+------------------------------------------------------------------+--------------------+--------------------+


+------------------------------------------+
; Parallel Compilation                     ;
+----------------------------+-------------+
; Processors                 ; Number      ;
+----------------------------+-------------+
; Number detected on machine ; 16          ;
; Maximum allowed            ; 16          ;
;                            ;             ;
; Average used               ; 1.00        ;
; Maximum used               ; 1           ;
;                            ;             ;
; Usage by Processor         ; % Time Used ;
;     Processor 1            ; 100.0%      ;
+----------------------------+-------------+


+------------------------------------------------------------------------------------------------------+
; Analysis & Synthesis IP Cores Summary                                                                ;
+--------+--------------+---------+--------------+--------------+--------------------+-----------------+
; Vendor ; IP Core Name ; Version ; Release Date ; License Type ; Entity Instance    ; IP Include File ;
+--------+--------------+---------+--------------+--------------+--------------------+-----------------+
; N/A    ; Qsys         ; 18.0    ; N/A          ; N/A          ; |lab7|lab62_soc:u0 ; lab62_soc.qsys  ;
+--------+--------------+---------+--------------+--------------+--------------------+-----------------+


+-------------------------------+
; Analysis & Synthesis Messages ;
+-------------------------------+
Info: *******************************************************************
Info: Running Quartus Prime Analysis & Synthesis
    Info: Version 18.0.0 Build 614 04/24/2018 SJ Lite Edition
    Info: Processing started: Mon Nov 15 21:35:55 2021
Info: Command: quartus_map --read_settings_files=on --write_settings_files=off adder2 -c adder2
Warning (18236): Number of processors has not been specified which may cause overloading on shared machines.  Set the global assignment NUM_PARALLEL_PROCESSORS in your QSF to an appropriate value for best performance.
Info (20030): Parallel compilation is enabled and will use 16 of the 16 processors detected
Info (12021): Found 0 design units, including 0 entities, in source file sv/vga_text_avl_interface.sv
Info (12021): Found 1 design units, including 1 entities, in source file sv/hexdriver.sv
    Info (12023): Found entity 1: HexDriver File: C:/D/study/Intel/ece385/lab72/sv/HexDriver.sv Line: 1
Info (12021): Found 1 design units, including 1 entities, in source file lab62_soc/synthesis/lab62_soc.v
    Info (12023): Found entity 1: lab62_soc File: C:/D/study/Intel/ece385/lab72/lab62_soc/synthesis/lab62_soc.v Line: 6
Info (12021): Found 1 design units, including 1 entities, in source file lab62_soc/synthesis/submodules/altera_reset_controller.v
    Info (12023): Found entity 1: altera_reset_controller File: C:/D/study/Intel/ece385/lab72/lab62_soc/synthesis/submodules/altera_reset_controller.v Line: 42
Info (12021): Found 1 design units, including 1 entities, in source file lab62_soc/synthesis/submodules/altera_reset_synchronizer.v
    Info (12023): Found entity 1: altera_reset_synchronizer File: C:/D/study/Intel/ece385/lab72/lab62_soc/synthesis/submodules/altera_reset_synchronizer.v Line: 24
Info (12021): Found 1 design units, including 1 entities, in source file lab62_soc/synthesis/submodules/lab62_soc_irq_mapper.sv
    Info (12023): Found entity 1: lab62_soc_irq_mapper File: C:/D/study/Intel/ece385/lab72/lab62_soc/synthesis/submodules/lab62_soc_irq_mapper.sv Line: 31
Info (12021): Found 1 design units, including 1 entities, in source file lab62_soc/synthesis/submodules/lab62_soc_mm_interconnect_0.v
    Info (12023): Found entity 1: lab62_soc_mm_interconnect_0 File: C:/D/study/Intel/ece385/lab72/lab62_soc/synthesis/submodules/lab62_soc_mm_interconnect_0.v Line: 9
Info (12021): Found 1 design units, including 1 entities, in source file lab62_soc/synthesis/submodules/lab62_soc_mm_interconnect_0_avalon_st_adapter_006.v
    Info (12023): Found entity 1: lab62_soc_mm_interconnect_0_avalon_st_adapter_006 File: C:/D/study/Intel/ece385/lab72/lab62_soc/synthesis/submodules/lab62_soc_mm_interconnect_0_avalon_st_adapter_006.v Line: 9
Info (12021): Found 1 design units, including 1 entities, in source file lab62_soc/synthesis/submodules/lab62_soc_mm_interconnect_0_avalon_st_adapter_006_error_adapter_0.sv
    Info (12023): Found entity 1: lab62_soc_mm_interconnect_0_avalon_st_adapter_006_error_adapter_0 File: C:/D/study/Intel/ece385/lab72/lab62_soc/synthesis/submodules/lab62_soc_mm_interconnect_0_avalon_st_adapter_006_error_adapter_0.sv Line: 66
Info (12021): Found 1 design units, including 1 entities, in source file lab62_soc/synthesis/submodules/lab62_soc_mm_interconnect_0_avalon_st_adapter.v
    Info (12023): Found entity 1: lab62_soc_mm_interconnect_0_avalon_st_adapter File: C:/D/study/Intel/ece385/lab72/lab62_soc/synthesis/submodules/lab62_soc_mm_interconnect_0_avalon_st_adapter.v Line: 9
Info (12021): Found 1 design units, including 1 entities, in source file lab62_soc/synthesis/submodules/lab62_soc_mm_interconnect_0_avalon_st_adapter_error_adapter_0.sv
    Info (12023): Found entity 1: lab62_soc_mm_interconnect_0_avalon_st_adapter_error_adapter_0 File: C:/D/study/Intel/ece385/lab72/lab62_soc/synthesis/submodules/lab62_soc_mm_interconnect_0_avalon_st_adapter_error_adapter_0.sv Line: 66
Info (12021): Found 1 design units, including 1 entities, in source file lab62_soc/synthesis/submodules/altera_avalon_st_handshake_clock_crosser.v
    Info (12023): Found entity 1: altera_avalon_st_handshake_clock_crosser File: C:/D/study/Intel/ece385/lab72/lab62_soc/synthesis/submodules/altera_avalon_st_handshake_clock_crosser.v Line: 24
Info (12021): Found 1 design units, including 1 entities, in source file lab62_soc/synthesis/submodules/altera_avalon_st_clock_crosser.v
    Info (12023): Found entity 1: altera_avalon_st_clock_crosser File: C:/D/study/Intel/ece385/lab72/lab62_soc/synthesis/submodules/altera_avalon_st_clock_crosser.v Line: 22
Info (12021): Found 1 design units, including 1 entities, in source file lab62_soc/synthesis/submodules/altera_avalon_st_pipeline_base.v
    Info (12023): Found entity 1: altera_avalon_st_pipeline_base File: C:/D/study/Intel/ece385/lab72/lab62_soc/synthesis/submodules/altera_avalon_st_pipeline_base.v Line: 22
Info (12021): Found 1 design units, including 1 entities, in source file lab62_soc/synthesis/submodules/altera_std_synchronizer_nocut.v
    Info (12023): Found entity 1: altera_std_synchronizer_nocut File: C:/D/study/Intel/ece385/lab72/lab62_soc/synthesis/submodules/altera_std_synchronizer_nocut.v Line: 44
Info (12021): Found 1 design units, including 1 entities, in source file lab62_soc/synthesis/submodules/altera_merlin_width_adapter.sv
    Info (12023): Found entity 1: altera_merlin_width_adapter File: C:/D/study/Intel/ece385/lab72/lab62_soc/synthesis/submodules/altera_merlin_width_adapter.sv Line: 25
Info (12021): Found 1 design units, including 1 entities, in source file lab62_soc/synthesis/submodules/altera_merlin_address_alignment.sv
    Info (12023): Found entity 1: altera_merlin_address_alignment File: C:/D/study/Intel/ece385/lab72/lab62_soc/synthesis/submodules/altera_merlin_address_alignment.sv Line: 26
Info (12021): Found 1 design units, including 1 entities, in source file lab62_soc/synthesis/submodules/altera_merlin_burst_uncompressor.sv
    Info (12023): Found entity 1: altera_merlin_burst_uncompressor File: C:/D/study/Intel/ece385/lab72/lab62_soc/synthesis/submodules/altera_merlin_burst_uncompressor.sv Line: 40
Info (12021): Found 1 design units, including 1 entities, in source file lab62_soc/synthesis/submodules/lab62_soc_mm_interconnect_0_rsp_mux.sv
    Info (12023): Found entity 1: lab62_soc_mm_interconnect_0_rsp_mux File: C:/D/study/Intel/ece385/lab72/lab62_soc/synthesis/submodules/lab62_soc_mm_interconnect_0_rsp_mux.sv Line: 51
Info (12021): Found 2 design units, including 2 entities, in source file lab62_soc/synthesis/submodules/altera_merlin_arbitrator.sv
    Info (12023): Found entity 1: altera_merlin_arbitrator File: C:/D/study/Intel/ece385/lab72/lab62_soc/synthesis/submodules/altera_merlin_arbitrator.sv Line: 103
    Info (12023): Found entity 2: altera_merlin_arb_adder File: C:/D/study/Intel/ece385/lab72/lab62_soc/synthesis/submodules/altera_merlin_arbitrator.sv Line: 228
Info (12021): Found 1 design units, including 1 entities, in source file lab62_soc/synthesis/submodules/lab62_soc_mm_interconnect_0_rsp_demux.sv
    Info (12023): Found entity 1: lab62_soc_mm_interconnect_0_rsp_demux File: C:/D/study/Intel/ece385/lab72/lab62_soc/synthesis/submodules/lab62_soc_mm_interconnect_0_rsp_demux.sv Line: 43
Info (12021): Found 1 design units, including 1 entities, in source file lab62_soc/synthesis/submodules/lab62_soc_mm_interconnect_0_cmd_mux.sv
    Info (12023): Found entity 1: lab62_soc_mm_interconnect_0_cmd_mux File: C:/D/study/Intel/ece385/lab72/lab62_soc/synthesis/submodules/lab62_soc_mm_interconnect_0_cmd_mux.sv Line: 51
Info (12021): Found 1 design units, including 1 entities, in source file lab62_soc/synthesis/submodules/lab62_soc_mm_interconnect_0_cmd_demux.sv
    Info (12023): Found entity 1: lab62_soc_mm_interconnect_0_cmd_demux File: C:/D/study/Intel/ece385/lab72/lab62_soc/synthesis/submodules/lab62_soc_mm_interconnect_0_cmd_demux.sv Line: 43
Info (12021): Found 1 design units, including 1 entities, in source file lab62_soc/synthesis/submodules/altera_merlin_burst_adapter.sv
    Info (12023): Found entity 1: altera_merlin_burst_adapter File: C:/D/study/Intel/ece385/lab72/lab62_soc/synthesis/submodules/altera_merlin_burst_adapter.sv Line: 21
Info (12021): Found 1 design units, including 1 entities, in source file lab62_soc/synthesis/submodules/altera_merlin_burst_adapter_uncmpr.sv
    Info (12023): Found entity 1: altera_merlin_burst_adapter_uncompressed_only File: C:/D/study/Intel/ece385/lab72/lab62_soc/synthesis/submodules/altera_merlin_burst_adapter_uncmpr.sv Line: 39
Info (12021): Found 5 design units, including 5 entities, in source file lab62_soc/synthesis/submodules/altera_merlin_burst_adapter_13_1.sv
    Info (12023): Found entity 1: altera_merlin_burst_adapter_burstwrap_increment File: C:/D/study/Intel/ece385/lab72/lab62_soc/synthesis/submodules/altera_merlin_burst_adapter_13_1.sv Line: 40
    Info (12023): Found entity 2: altera_merlin_burst_adapter_adder File: C:/D/study/Intel/ece385/lab72/lab62_soc/synthesis/submodules/altera_merlin_burst_adapter_13_1.sv Line: 55
    Info (12023): Found entity 3: altera_merlin_burst_adapter_subtractor File: C:/D/study/Intel/ece385/lab72/lab62_soc/synthesis/submodules/altera_merlin_burst_adapter_13_1.sv Line: 77
    Info (12023): Found entity 4: altera_merlin_burst_adapter_min File: C:/D/study/Intel/ece385/lab72/lab62_soc/synthesis/submodules/altera_merlin_burst_adapter_13_1.sv Line: 98
    Info (12023): Found entity 5: altera_merlin_burst_adapter_13_1 File: C:/D/study/Intel/ece385/lab72/lab62_soc/synthesis/submodules/altera_merlin_burst_adapter_13_1.sv Line: 264
Info (12021): Found 1 design units, including 1 entities, in source file lab62_soc/synthesis/submodules/altera_merlin_burst_adapter_new.sv
    Info (12023): Found entity 1: altera_merlin_burst_adapter_new File: C:/D/study/Intel/ece385/lab72/lab62_soc/synthesis/submodules/altera_merlin_burst_adapter_new.sv Line: 25
Info (12021): Found 1 design units, including 1 entities, in source file lab62_soc/synthesis/submodules/altera_incr_burst_converter.sv
    Info (12023): Found entity 1: altera_incr_burst_converter File: C:/D/study/Intel/ece385/lab72/lab62_soc/synthesis/submodules/altera_incr_burst_converter.sv Line: 28
Info (12021): Found 1 design units, including 1 entities, in source file lab62_soc/synthesis/submodules/altera_wrap_burst_converter.sv
    Info (12023): Found entity 1: altera_wrap_burst_converter File: C:/D/study/Intel/ece385/lab72/lab62_soc/synthesis/submodules/altera_wrap_burst_converter.sv Line: 27
Info (12021): Found 1 design units, including 1 entities, in source file lab62_soc/synthesis/submodules/altera_default_burst_converter.sv
    Info (12023): Found entity 1: altera_default_burst_converter File: C:/D/study/Intel/ece385/lab72/lab62_soc/synthesis/submodules/altera_default_burst_converter.sv Line: 30
Info (12021): Found 1 design units, including 1 entities, in source file lab62_soc/synthesis/submodules/altera_avalon_st_pipeline_stage.sv
    Info (12023): Found entity 1: altera_avalon_st_pipeline_stage File: C:/D/study/Intel/ece385/lab72/lab62_soc/synthesis/submodules/altera_avalon_st_pipeline_stage.sv Line: 22
Info (12021): Found 2 design units, including 2 entities, in source file lab62_soc/synthesis/submodules/lab62_soc_mm_interconnect_0_router_008.sv
    Info (12023): Found entity 1: lab62_soc_mm_interconnect_0_router_008_default_decode File: C:/D/study/Intel/ece385/lab72/lab62_soc/synthesis/submodules/lab62_soc_mm_interconnect_0_router_008.sv Line: 45
    Info (12023): Found entity 2: lab62_soc_mm_interconnect_0_router_008 File: C:/D/study/Intel/ece385/lab72/lab62_soc/synthesis/submodules/lab62_soc_mm_interconnect_0_router_008.sv Line: 84
Info (12021): Found 2 design units, including 2 entities, in source file lab62_soc/synthesis/submodules/lab62_soc_mm_interconnect_0_router_002.sv
    Info (12023): Found entity 1: lab62_soc_mm_interconnect_0_router_002_default_decode File: C:/D/study/Intel/ece385/lab72/lab62_soc/synthesis/submodules/lab62_soc_mm_interconnect_0_router_002.sv Line: 45
    Info (12023): Found entity 2: lab62_soc_mm_interconnect_0_router_002 File: C:/D/study/Intel/ece385/lab72/lab62_soc/synthesis/submodules/lab62_soc_mm_interconnect_0_router_002.sv Line: 84
Info (12021): Found 2 design units, including 2 entities, in source file lab62_soc/synthesis/submodules/lab62_soc_mm_interconnect_0_router.sv
    Info (12023): Found entity 1: lab62_soc_mm_interconnect_0_router_default_decode File: C:/D/study/Intel/ece385/lab72/lab62_soc/synthesis/submodules/lab62_soc_mm_interconnect_0_router.sv Line: 45
    Info (12023): Found entity 2: lab62_soc_mm_interconnect_0_router File: C:/D/study/Intel/ece385/lab72/lab62_soc/synthesis/submodules/lab62_soc_mm_interconnect_0_router.sv Line: 84
Info (12021): Found 1 design units, including 1 entities, in source file lab62_soc/synthesis/submodules/altera_avalon_sc_fifo.v
    Info (12023): Found entity 1: altera_avalon_sc_fifo File: C:/D/study/Intel/ece385/lab72/lab62_soc/synthesis/submodules/altera_avalon_sc_fifo.v Line: 21
Info (12021): Found 1 design units, including 1 entities, in source file lab62_soc/synthesis/submodules/altera_merlin_slave_agent.sv
    Info (12023): Found entity 1: altera_merlin_slave_agent File: C:/D/study/Intel/ece385/lab72/lab62_soc/synthesis/submodules/altera_merlin_slave_agent.sv Line: 34
Info (12021): Found 1 design units, including 1 entities, in source file lab62_soc/synthesis/submodules/altera_merlin_master_agent.sv
    Info (12023): Found entity 1: altera_merlin_master_agent File: C:/D/study/Intel/ece385/lab72/lab62_soc/synthesis/submodules/altera_merlin_master_agent.sv Line: 28
Info (12021): Found 1 design units, including 1 entities, in source file lab62_soc/synthesis/submodules/altera_merlin_slave_translator.sv
    Info (12023): Found entity 1: altera_merlin_slave_translator File: C:/D/study/Intel/ece385/lab72/lab62_soc/synthesis/submodules/altera_merlin_slave_translator.sv Line: 35
Info (12021): Found 1 design units, including 1 entities, in source file lab62_soc/synthesis/submodules/altera_merlin_master_translator.sv
    Info (12023): Found entity 1: altera_merlin_master_translator File: C:/D/study/Intel/ece385/lab72/lab62_soc/synthesis/submodules/altera_merlin_master_translator.sv Line: 32
Info (12021): Found 1 design units, including 1 entities, in source file lab62_soc/synthesis/submodules/lab62_soc_usb_rst.v
    Info (12023): Found entity 1: lab62_soc_usb_rst File: C:/D/study/Intel/ece385/lab72/lab62_soc/synthesis/submodules/lab62_soc_usb_rst.v Line: 21
Info (12021): Found 1 design units, including 1 entities, in source file lab62_soc/synthesis/submodules/lab62_soc_timer_0.v
    Info (12023): Found entity 1: lab62_soc_timer_0 File: C:/D/study/Intel/ece385/lab72/lab62_soc/synthesis/submodules/lab62_soc_timer_0.v Line: 21
Info (12021): Found 1 design units, including 1 entities, in source file lab62_soc/synthesis/submodules/lab62_soc_sysid_qsys_0.v
    Info (12023): Found entity 1: lab62_soc_sysid_qsys_0 File: C:/D/study/Intel/ece385/lab72/lab62_soc/synthesis/submodules/lab62_soc_sysid_qsys_0.v Line: 34
Info (12021): Found 1 design units, including 1 entities, in source file lab62_soc/synthesis/submodules/lab62_soc_spi_0.v
    Info (12023): Found entity 1: lab62_soc_spi_0 File: C:/D/study/Intel/ece385/lab72/lab62_soc/synthesis/submodules/lab62_soc_spi_0.v Line: 41
Info (12021): Found 4 design units, including 4 entities, in source file lab62_soc/synthesis/submodules/lab62_soc_sdram_pll.v
    Info (12023): Found entity 1: lab62_soc_sdram_pll_dffpipe_l2c File: C:/D/study/Intel/ece385/lab72/lab62_soc/synthesis/submodules/lab62_soc_sdram_pll.v Line: 37
    Info (12023): Found entity 2: lab62_soc_sdram_pll_stdsync_sv6 File: C:/D/study/Intel/ece385/lab72/lab62_soc/synthesis/submodules/lab62_soc_sdram_pll.v Line: 98
    Info (12023): Found entity 3: lab62_soc_sdram_pll_altpll_vg92 File: C:/D/study/Intel/ece385/lab72/lab62_soc/synthesis/submodules/lab62_soc_sdram_pll.v Line: 130
    Info (12023): Found entity 4: lab62_soc_sdram_pll File: C:/D/study/Intel/ece385/lab72/lab62_soc/synthesis/submodules/lab62_soc_sdram_pll.v Line: 217
Info (12021): Found 2 design units, including 2 entities, in source file lab62_soc/synthesis/submodules/lab62_soc_sdram.v
    Info (12023): Found entity 1: lab62_soc_sdram_input_efifo_module File: C:/D/study/Intel/ece385/lab72/lab62_soc/synthesis/submodules/lab62_soc_sdram.v Line: 21
    Info (12023): Found entity 2: lab62_soc_sdram File: C:/D/study/Intel/ece385/lab72/lab62_soc/synthesis/submodules/lab62_soc_sdram.v Line: 159
Info (12021): Found 1 design units, including 1 entities, in source file lab62_soc/synthesis/submodules/lab62_soc_run.v
    Info (12023): Found entity 1: lab62_soc_run File: C:/D/study/Intel/ece385/lab72/lab62_soc/synthesis/submodules/lab62_soc_run.v Line: 21
Info (12021): Found 1 design units, including 1 entities, in source file lab62_soc/synthesis/submodules/lab62_soc_onchip_memory2_0.v
    Info (12023): Found entity 1: lab62_soc_onchip_memory2_0 File: C:/D/study/Intel/ece385/lab72/lab62_soc/synthesis/submodules/lab62_soc_onchip_memory2_0.v Line: 21
Info (12021): Found 1 design units, including 1 entities, in source file lab62_soc/synthesis/submodules/lab62_soc_nios2_gen2_0.v
    Info (12023): Found entity 1: lab62_soc_nios2_gen2_0 File: C:/D/study/Intel/ece385/lab72/lab62_soc/synthesis/submodules/lab62_soc_nios2_gen2_0.v Line: 9
Info (12021): Found 21 design units, including 21 entities, in source file lab62_soc/synthesis/submodules/lab62_soc_nios2_gen2_0_cpu.v
    Info (12023): Found entity 1: lab62_soc_nios2_gen2_0_cpu_register_bank_a_module File: C:/D/study/Intel/ece385/lab72/lab62_soc/synthesis/submodules/lab62_soc_nios2_gen2_0_cpu.v Line: 21
    Info (12023): Found entity 2: lab62_soc_nios2_gen2_0_cpu_register_bank_b_module File: C:/D/study/Intel/ece385/lab72/lab62_soc/synthesis/submodules/lab62_soc_nios2_gen2_0_cpu.v Line: 87
    Info (12023): Found entity 3: lab62_soc_nios2_gen2_0_cpu_nios2_oci_debug File: C:/D/study/Intel/ece385/lab72/lab62_soc/synthesis/submodules/lab62_soc_nios2_gen2_0_cpu.v Line: 153
    Info (12023): Found entity 4: lab62_soc_nios2_gen2_0_cpu_nios2_oci_break File: C:/D/study/Intel/ece385/lab72/lab62_soc/synthesis/submodules/lab62_soc_nios2_gen2_0_cpu.v Line: 295
    Info (12023): Found entity 5: lab62_soc_nios2_gen2_0_cpu_nios2_oci_xbrk File: C:/D/study/Intel/ece385/lab72/lab62_soc/synthesis/submodules/lab62_soc_nios2_gen2_0_cpu.v Line: 588
    Info (12023): Found entity 6: lab62_soc_nios2_gen2_0_cpu_nios2_oci_dbrk File: C:/D/study/Intel/ece385/lab72/lab62_soc/synthesis/submodules/lab62_soc_nios2_gen2_0_cpu.v Line: 795
    Info (12023): Found entity 7: lab62_soc_nios2_gen2_0_cpu_nios2_oci_itrace File: C:/D/study/Intel/ece385/lab72/lab62_soc/synthesis/submodules/lab62_soc_nios2_gen2_0_cpu.v Line: 982
    Info (12023): Found entity 8: lab62_soc_nios2_gen2_0_cpu_nios2_oci_td_mode File: C:/D/study/Intel/ece385/lab72/lab62_soc/synthesis/submodules/lab62_soc_nios2_gen2_0_cpu.v Line: 1115
    Info (12023): Found entity 9: lab62_soc_nios2_gen2_0_cpu_nios2_oci_dtrace File: C:/D/study/Intel/ece385/lab72/lab62_soc/synthesis/submodules/lab62_soc_nios2_gen2_0_cpu.v Line: 1183
    Info (12023): Found entity 10: lab62_soc_nios2_gen2_0_cpu_nios2_oci_compute_input_tm_cnt File: C:/D/study/Intel/ece385/lab72/lab62_soc/synthesis/submodules/lab62_soc_nios2_gen2_0_cpu.v Line: 1265
    Info (12023): Found entity 11: lab62_soc_nios2_gen2_0_cpu_nios2_oci_fifo_wrptr_inc File: C:/D/study/Intel/ece385/lab72/lab62_soc/synthesis/submodules/lab62_soc_nios2_gen2_0_cpu.v Line: 1337
    Info (12023): Found entity 12: lab62_soc_nios2_gen2_0_cpu_nios2_oci_fifo_cnt_inc File: C:/D/study/Intel/ece385/lab72/lab62_soc/synthesis/submodules/lab62_soc_nios2_gen2_0_cpu.v Line: 1380
    Info (12023): Found entity 13: lab62_soc_nios2_gen2_0_cpu_nios2_oci_fifo File: C:/D/study/Intel/ece385/lab72/lab62_soc/synthesis/submodules/lab62_soc_nios2_gen2_0_cpu.v Line: 1427
    Info (12023): Found entity 14: lab62_soc_nios2_gen2_0_cpu_nios2_oci_pib File: C:/D/study/Intel/ece385/lab72/lab62_soc/synthesis/submodules/lab62_soc_nios2_gen2_0_cpu.v Line: 1913
    Info (12023): Found entity 15: lab62_soc_nios2_gen2_0_cpu_nios2_oci_im File: C:/D/study/Intel/ece385/lab72/lab62_soc/synthesis/submodules/lab62_soc_nios2_gen2_0_cpu.v Line: 1936
    Info (12023): Found entity 16: lab62_soc_nios2_gen2_0_cpu_nios2_performance_monitors File: C:/D/study/Intel/ece385/lab72/lab62_soc/synthesis/submodules/lab62_soc_nios2_gen2_0_cpu.v Line: 2006
    Info (12023): Found entity 17: lab62_soc_nios2_gen2_0_cpu_nios2_avalon_reg File: C:/D/study/Intel/ece385/lab72/lab62_soc/synthesis/submodules/lab62_soc_nios2_gen2_0_cpu.v Line: 2023
    Info (12023): Found entity 18: lab62_soc_nios2_gen2_0_cpu_ociram_sp_ram_module File: C:/D/study/Intel/ece385/lab72/lab62_soc/synthesis/submodules/lab62_soc_nios2_gen2_0_cpu.v Line: 2116
    Info (12023): Found entity 19: lab62_soc_nios2_gen2_0_cpu_nios2_ocimem File: C:/D/study/Intel/ece385/lab72/lab62_soc/synthesis/submodules/lab62_soc_nios2_gen2_0_cpu.v Line: 2181
    Info (12023): Found entity 20: lab62_soc_nios2_gen2_0_cpu_nios2_oci File: C:/D/study/Intel/ece385/lab72/lab62_soc/synthesis/submodules/lab62_soc_nios2_gen2_0_cpu.v Line: 2362
    Info (12023): Found entity 21: lab62_soc_nios2_gen2_0_cpu File: C:/D/study/Intel/ece385/lab72/lab62_soc/synthesis/submodules/lab62_soc_nios2_gen2_0_cpu.v Line: 2834
Info (12021): Found 1 design units, including 1 entities, in source file lab62_soc/synthesis/submodules/lab62_soc_nios2_gen2_0_cpu_debug_slave_sysclk.v
    Info (12023): Found entity 1: lab62_soc_nios2_gen2_0_cpu_debug_slave_sysclk File: C:/D/study/Intel/ece385/lab72/lab62_soc/synthesis/submodules/lab62_soc_nios2_gen2_0_cpu_debug_slave_sysclk.v Line: 21
Info (12021): Found 1 design units, including 1 entities, in source file lab62_soc/synthesis/submodules/lab62_soc_nios2_gen2_0_cpu_debug_slave_tck.v
    Info (12023): Found entity 1: lab62_soc_nios2_gen2_0_cpu_debug_slave_tck File: C:/D/study/Intel/ece385/lab72/lab62_soc/synthesis/submodules/lab62_soc_nios2_gen2_0_cpu_debug_slave_tck.v Line: 21
Info (12021): Found 1 design units, including 1 entities, in source file lab62_soc/synthesis/submodules/lab62_soc_nios2_gen2_0_cpu_debug_slave_wrapper.v
    Info (12023): Found entity 1: lab62_soc_nios2_gen2_0_cpu_debug_slave_wrapper File: C:/D/study/Intel/ece385/lab72/lab62_soc/synthesis/submodules/lab62_soc_nios2_gen2_0_cpu_debug_slave_wrapper.v Line: 21
Info (12021): Found 1 design units, including 1 entities, in source file lab62_soc/synthesis/submodules/lab62_soc_nios2_gen2_0_cpu_test_bench.v
    Info (12023): Found entity 1: lab62_soc_nios2_gen2_0_cpu_test_bench File: C:/D/study/Intel/ece385/lab72/lab62_soc/synthesis/submodules/lab62_soc_nios2_gen2_0_cpu_test_bench.v Line: 21
Info (12021): Found 1 design units, including 1 entities, in source file lab62_soc/synthesis/submodules/lab62_soc_leds_pio.v
    Info (12023): Found entity 1: lab62_soc_leds_pio File: C:/D/study/Intel/ece385/lab72/lab62_soc/synthesis/submodules/lab62_soc_leds_pio.v Line: 21
Info (12021): Found 1 design units, including 1 entities, in source file lab62_soc/synthesis/submodules/lab62_soc_keycode.v
    Info (12023): Found entity 1: lab62_soc_keycode File: C:/D/study/Intel/ece385/lab72/lab62_soc/synthesis/submodules/lab62_soc_keycode.v Line: 21
Info (12021): Found 1 design units, including 1 entities, in source file lab62_soc/synthesis/submodules/lab62_soc_key.v
    Info (12023): Found entity 1: lab62_soc_key File: C:/D/study/Intel/ece385/lab72/lab62_soc/synthesis/submodules/lab62_soc_key.v Line: 21
Info (12021): Found 5 design units, including 5 entities, in source file lab62_soc/synthesis/submodules/lab62_soc_jtag_uart_0.v
    Info (12023): Found entity 1: lab62_soc_jtag_uart_0_sim_scfifo_w File: C:/D/study/Intel/ece385/lab72/lab62_soc/synthesis/submodules/lab62_soc_jtag_uart_0.v Line: 21
    Info (12023): Found entity 2: lab62_soc_jtag_uart_0_scfifo_w File: C:/D/study/Intel/ece385/lab72/lab62_soc/synthesis/submodules/lab62_soc_jtag_uart_0.v Line: 78
    Info (12023): Found entity 3: lab62_soc_jtag_uart_0_sim_scfifo_r File: C:/D/study/Intel/ece385/lab72/lab62_soc/synthesis/submodules/lab62_soc_jtag_uart_0.v Line: 164
    Info (12023): Found entity 4: lab62_soc_jtag_uart_0_scfifo_r File: C:/D/study/Intel/ece385/lab72/lab62_soc/synthesis/submodules/lab62_soc_jtag_uart_0.v Line: 243
    Info (12023): Found entity 5: lab62_soc_jtag_uart_0 File: C:/D/study/Intel/ece385/lab72/lab62_soc/synthesis/submodules/lab62_soc_jtag_uart_0.v Line: 331
Info (12021): Found 1 design units, including 1 entities, in source file lab62_soc/synthesis/submodules/lab62_soc_hex_digits_pio.v
    Info (12023): Found entity 1: lab62_soc_hex_digits_pio File: C:/D/study/Intel/ece385/lab72/lab62_soc/synthesis/submodules/lab62_soc_hex_digits_pio.v Line: 21
Info (12021): Found 1 design units, including 1 entities, in source file lab62_soc/synthesis/submodules/vga_text_avl_interface.sv
    Info (12023): Found entity 1: vga_text_avl_interface File: C:/D/study/Intel/ece385/lab72/lab62_soc/synthesis/submodules/vga_text_avl_interface.sv Line: 28
Info (12021): Found 1 design units, including 1 entities, in source file sv/vga_controller.sv
    Info (12023): Found entity 1: vga_controller File: C:/D/study/Intel/ece385/lab72/sv/VGA_controller.sv Line: 25
Info (12021): Found 1 design units, including 1 entities, in source file sv/lab7.sv
    Info (12023): Found entity 1: lab7 File: C:/D/study/Intel/ece385/lab72/sv/lab7.sv Line: 10
Info (12021): Found 1 design units, including 1 entities, in source file sv/font_rom.sv
    Info (12023): Found entity 1: font_rom File: C:/D/study/Intel/ece385/lab72/sv/font_rom.sv Line: 1
Info (12021): Found 1 design units, including 1 entities, in source file mem.v
    Info (12023): Found entity 1: mem File: C:/D/study/Intel/ece385/lab72/mem.v Line: 39
Warning (10236): Verilog HDL Implicit Net warning at lab7.sv(112): created implicit net for "Reset_h" File: C:/D/study/Intel/ece385/lab72/sv/lab7.sv Line: 112
Warning (10037): Verilog HDL or VHDL warning at lab62_soc_sdram.v(318): conditional expression evaluates to a constant File: C:/D/study/Intel/ece385/lab72/lab62_soc/synthesis/submodules/lab62_soc_sdram.v Line: 318
Warning (10037): Verilog HDL or VHDL warning at lab62_soc_sdram.v(328): conditional expression evaluates to a constant File: C:/D/study/Intel/ece385/lab72/lab62_soc/synthesis/submodules/lab62_soc_sdram.v Line: 328
Warning (10037): Verilog HDL or VHDL warning at lab62_soc_sdram.v(338): conditional expression evaluates to a constant File: C:/D/study/Intel/ece385/lab72/lab62_soc/synthesis/submodules/lab62_soc_sdram.v Line: 338
Warning (10037): Verilog HDL or VHDL warning at lab62_soc_sdram.v(682): conditional expression evaluates to a constant File: C:/D/study/Intel/ece385/lab72/lab62_soc/synthesis/submodules/lab62_soc_sdram.v Line: 682
Warning (10037): Verilog HDL or VHDL warning at lab62_soc_spi_0.v(402): conditional expression evaluates to a constant File: C:/D/study/Intel/ece385/lab72/lab62_soc/synthesis/submodules/lab62_soc_spi_0.v Line: 402
Info (12127): Elaborating entity "lab7" for the top level hierarchy
Warning (10036): Verilog HDL or VHDL warning at lab7.sv(112): object "Reset_h" assigned a value but never read File: C:/D/study/Intel/ece385/lab72/sv/lab7.sv Line: 112
Info (12128): Elaborating entity "HexDriver" for hierarchy "HexDriver:hex_driver4" File: C:/D/study/Intel/ece385/lab72/sv/lab7.sv Line: 95
Info (12128): Elaborating entity "lab62_soc" for hierarchy "lab62_soc:u0" File: C:/D/study/Intel/ece385/lab72/sv/lab7.sv Line: 165
Info (12128): Elaborating entity "vga_text_avl_interface" for hierarchy "lab62_soc:u0|vga_text_avl_interface:vga_text_mode_controller_0" File: C:/D/study/Intel/ece385/lab72/lab62_soc/synthesis/lab62_soc.v Line: 159
Warning (10858): Verilog HDL warning at vga_text_avl_interface.sv(50): object LOCAL_REG used but never assigned File: C:/D/study/Intel/ece385/lab72/lab62_soc/synthesis/submodules/vga_text_avl_interface.sv Line: 50
Warning (10230): Verilog HDL assignment warning at vga_text_avl_interface.sv(126): truncated value with size 32 to match size of target (12) File: C:/D/study/Intel/ece385/lab72/lab62_soc/synthesis/submodules/vga_text_avl_interface.sv Line: 126
Error (10251): Verilog HDL error at vga_text_avl_interface.sv(164): index 600 cannot fall outside the declared range [0:7] for dimension 0 of array "LOCAL_REG" File: C:/D/study/Intel/ece385/lab72/lab62_soc/synthesis/submodules/vga_text_avl_interface.sv Line: 164
Warning (10240): Verilog HDL Always Construct warning at vga_text_avl_interface.sv(126): inferring latch(es) for variable "red", which holds its previous value in one or more paths through the always construct File: C:/D/study/Intel/ece385/lab72/lab62_soc/synthesis/submodules/vga_text_avl_interface.sv Line: 126
Error (10166): SystemVerilog RTL Coding error at vga_text_avl_interface.sv(126): always_comb construct does not infer purely combinational logic. File: C:/D/study/Intel/ece385/lab72/lab62_soc/synthesis/submodules/vga_text_avl_interface.sv Line: 126
Error (12152): Can't elaborate user hierarchy "lab62_soc:u0|vga_text_avl_interface:vga_text_mode_controller_0" File: C:/D/study/Intel/ece385/lab72/lab62_soc/synthesis/lab62_soc.v Line: 159
Info (144001): Generated suppressed messages file C:/D/study/Intel/ece385/lab72/output_files/adder2.map.smsg
Error: Quartus Prime Analysis & Synthesis was unsuccessful. 3 errors, 11 warnings
    Error: Peak virtual memory: 4753 megabytes
    Error: Processing ended: Mon Nov 15 21:36:12 2021
    Error: Elapsed time: 00:00:17
    Error: Total CPU time (on all processors): 00:00:32


+------------------------------------------+
; Analysis & Synthesis Suppressed Messages ;
+------------------------------------------+
The suppressed messages can be found in C:/D/study/Intel/ece385/lab72/output_files/adder2.map.smsg.


